2026-05-13 22:46:18.945 | quickstart-light | main | - | INFO  | o.s.a.WebStartLightApplication | Starting WebStartLightApplication v0.0.1-SNAPSHOT using Java 25.0.2 with PID 1123235 (/home/leonardo123/develop/code/mine/archetype/web-quick-start-light/app/target/app-0.0.1-SNAPSHOT.jar started by leonardo123 in /home/leonardo123/develop/code/mine/archetype/web-quick-start-light)
2026-05-13 22:46:18.947 | quickstart-light | main | - | DEBUG | o.s.a.WebStartLightApplication | Running with Spring Boot v4.0.2, Spring v7.0.3
2026-05-13 22:46:18.948 | quickstart-light | main | - | INFO  | o.s.a.WebStartLightApplication | The following 1 profile is active: "dev"
2026-05-13 22:46:20.121 | quickstart-light | main | - | INFO  | o.s.boot.tomcat.TomcatWebServer | Tomcat initialized with port 9201 (http)
2026-05-13 22:46:20.129 | quickstart-light | main | - | INFO  | o.a.catalina.core.StandardService | Starting service [Tomcat]
2026-05-13 22:46:20.129 | quickstart-light | main | - | INFO  | o.a.catalina.core.StandardEngine | Starting Servlet engine: [Apache Tomcat/11.0.15]
2026-05-13 22:46:20.146 | quickstart-light | main | - | INFO  | o.s.b.w.c.s.WebApplicationContextInitializer | Root WebApplicationContext: initialization completed in 1139 ms
2026-05-13 22:46:20.369 | quickstart-light | main | - | INFO  | i.m.c.i.push.PushMeterRegistry | Publishing metrics for OtlpMeterRegistry every 1m to http://localhost:4318/v1/metrics with resource attributes {service.name=quickstart-light}
2026-05-13 22:46:20.459 | quickstart-light | main | - | DEBUG | o.s.a.shared.web.ContextFillFilter | Filter 'contextFillFilter' configured for use
2026-05-13 22:46:20.514 | quickstart-light | main | - | WARN  | c.b.m.e.s.MybatisSqlSessionFactoryBean | Property 'mapperLocations' was specified but matching resources are not found.
2026-05-13 22:46:21.034 | quickstart-light | main | - | INFO  | o.s.a.c.oss.LocalOssComponent | 本地存储根目录: /home/leonardo123/develop/code/mine/archetype/web-quick-start-light/uploads
2026-05-13 22:46:21.190 | quickstart-light | main | - | INFO  | com.zaxxer.hikari.HikariDataSource | HikariPool-1 - Starting...
2026-05-13 22:46:21.275 | quickstart-light | main | - | INFO  | com.zaxxer.hikari.pool.HikariPool | HikariPool-1 - Added connection org.sqlite.jdbc4.JDBC4Connection@69862a1
2026-05-13 22:46:21.276 | quickstart-light | main | - | INFO  | com.zaxxer.hikari.HikariDataSource | HikariPool-1 - Start completed.
2026-05-13 22:46:21.386 | quickstart-light | main | - | INFO  | o.s.b.a.e.web.EndpointLinksResolver | Exposing 3 endpoints beneath base path '/actuator'
2026-05-13 22:46:21.435 | quickstart-light | main | - | INFO  | o.s.boot.tomcat.TomcatWebServer | Tomcat started on port 9201 (http) with context path '/quickstart-light'
2026-05-13 22:46:21.445 | quickstart-light | main | - | INFO  | o.s.a.WebStartLightApplication | Started WebStartLightApplication in 3.081 seconds (process running for 3.437)
2026-05-13 22:46:21.489 | quickstart-light | main | - | INFO  | o.s.a.WebStartLightApplication | [quickstart-light]应用启动成功!
2026-05-13 22:46:21.490 | quickstart-light | main | - | INFO  | o.s.a.WebStartLightApplication | Request URL: http://127.0.0.1:9201/quickstart-light
2026-05-13 22:46:21.490 | quickstart-light | main | - | INFO  | o.s.a.WebStartLightApplication | Swagger URL: http://127.0.0.1:9201/quickstart-light/openapi-doc.html
2026-05-13 22:46:21.490 | quickstart-light | main | - | INFO  | o.s.a.WebStartLightApplication | API-Doc URL: http://127.0.0.1:9201/quickstart-light/v3/api-docs
2026-05-13 22:46:21.491 | quickstart-light | main | - | WARN  | o.s.c.events.SpringDocAppInitializer | SpringDoc /v3/api-docs endpoint is enabled by default. To disable it in production, set the property 'springdoc.api-docs.enabled=false'
2026-05-13 22:46:21.491 | quickstart-light | main | - | WARN  | o.s.c.events.SpringDocAppInitializer | SpringDoc /openapi-doc.html endpoint is enabled by default. To disable it in production, set the property 'springdoc.swagger-ui.enabled=false'
2026-05-13 22:46:21.492 | quickstart-light | main | - | INFO  | o.s.a.s.logging.LoggingConfigure | [CONFIG] 日志配置验证完成 | 路径:/home/leonardo123/develop/code/mine/archetype/web-quick-start-light/.logs
2026-05-13 22:46:48.053 | quickstart-light | SpringApplicationShutdownHook | - | WARN  | i.m.registry.otlp.OtlpMeterRegistry | Failed to publish metrics to OTLP receiver (context: url=http://localhost:4318/v1/metrics, resource-attributes={service.name=quickstart-light})java.lang.Exception: java.net.ConnectException: Connection refused
	at io.micrometer.registry.otlp.OtlpHttpMetricsSender.send(OtlpHttpMetricsSender.java:61)
	at io.micrometer.registry.otlp.OtlpMeterRegistry.publish(OtlpMeterRegistry.java:190)
	at io.micrometer.core.instrument.push.PushMeterRegistry.publishSafelyOrSkipIfInProgress(PushMeterRegistry.java:63)
	at io.micrometer.core.instrument.push.PushMeterRegistry.close(PushMeterRegistry.java:143)
	at io.micrometer.registry.otlp.OtlpMeterRegistry.close(OtlpMeterRegistry.java:305)
	at org.springframework.boot.micrometer.metrics.autoconfigure.MetricsAutoConfiguration$MeterRegistryCloser.onApplicationEvent(MetricsAutoConfiguration.java:116)
	at org.springframework.boot.micrometer.metrics.autoconfigure.MetricsAutoConfiguration$MeterRegistryCloser.onApplicationEvent(MetricsAutoConfiguration.java:100)
	at org.springframework.context.event.SimpleApplicationEventMulticaster.doInvokeListener(SimpleApplicationEventMulticaster.java:180)
	at org.springframework.context.event.SimpleApplicationEventMulticaster.invokeListener(SimpleApplicationEventMulticaster.java:173)
	at org.springframework.context.event.SimpleApplicationEventMulticaster.multicastEvent(SimpleApplicationEventMulticaster.java:151)
	at org.springframework.context.support.AbstractApplicationContext.publishEvent(AbstractApplicationContext.java:447)
	at org.springframework.context.support.AbstractApplicationContext.publishEvent(AbstractApplicationContext.java:380)
	at org.springframework.context.support.AbstractApplicationContext.doClose(AbstractApplicationContext.java:1169)
	at org.springframework.boot.web.server.servlet.context.ServletWebServerApplicationContext.doClose(ServletWebServerApplicationContext.java:176)
	at org.springframework.context.support.AbstractApplicationContext.close(AbstractApplicationContext.java:1132)
	at org.springframework.boot.SpringApplicationShutdownHook.closeAndWait(SpringApplicationShutdownHook.java:147)
	at java.base/java.lang.Iterable.forEach(Iterable.java:75)
	at org.springframework.boot.SpringApplicationShutdownHook.run(SpringApplicationShutdownHook.java:116)
	at java.base/java.lang.Thread.run(Thread.java:1474)
Caused by: java.net.ConnectException: Connection refused
	at java.base/sun.nio.ch.Net.pollConnect(Native Method)
	at java.base/sun.nio.ch.Net.pollConnectNow(Net.java:639)
	at java.base/sun.nio.ch.NioSocketImpl.timedFinishConnect(NioSocketImpl.java:550)
	at java.base/sun.nio.ch.NioSocketImpl.connect(NioSocketImpl.java:594)
	at java.base/java.net.Socket.connect(Socket.java:659)
	at java.base/sun.net.NetworkClient.doConnect(NetworkClient.java:161)
	at java.base/sun.net.www.http.HttpClient.openServer(HttpClient.java:516)
	at java.base/sun.net.www.http.HttpClient.openServer(HttpClient.java:604)
	at java.base/sun.net.www.http.HttpClient.<init>(HttpClient.java:276)
	at java.base/sun.net.www.http.HttpClient.New(HttpClient.java:380)
	at java.base/sun.net.www.http.HttpClient.New(HttpClient.java:393)
	at java.base/sun.net.www.protocol.http.HttpURLConnection.getNewHttpClient(HttpURLConnection.java:1030)
	at java.base/sun.net.www.protocol.http.HttpURLConnection.plainConnect0(HttpURLConnection.java:963)
	at java.base/sun.net.www.protocol.http.HttpURLConnection.plainConnect(HttpURLConnection.java:899)
	at java.base/sun.net.www.protocol.http.HttpURLConnection.connect(HttpURLConnection.java:872)
	at java.base/sun.net.www.protocol.http.HttpURLConnection.getOutputStream0(HttpURLConnection.java:1163)
	at java.base/sun.net.www.protocol.http.HttpURLConnection.getOutputStream(HttpURLConnection.java:1127)
	at io.micrometer.core.ipc.http.HttpUrlConnectionSender.send(HttpUrlConnectionSender.java:99)
	at io.micrometer.core.ipc.http.HttpSender$Request$Builder.send(HttpSender.java:306)
	at io.micrometer.registry.otlp.OtlpHttpMetricsSender.send(OtlpHttpMetricsSender.java:58)
	... 18 common frames omitted

2026-05-13 22:46:48.056 | quickstart-light | SpringApplicationShutdownHook | - | INFO  | o.s.boot.tomcat.GracefulShutdown | Commencing graceful shutdown. Waiting for active requests to complete
2026-05-13 22:46:48.063 | quickstart-light | tomcat-shutdown | - | INFO  | o.s.boot.tomcat.GracefulShutdown | Graceful shutdown complete
2026-05-13 22:46:48.069 | quickstart-light | SpringApplicationShutdownHook | - | INFO  | com.zaxxer.hikari.HikariDataSource | HikariPool-1 - Shutdown initiated...
2026-05-13 22:46:48.070 | quickstart-light | SpringApplicationShutdownHook | - | INFO  | com.zaxxer.hikari.HikariDataSource | HikariPool-1 - Shutdown completed.
